// Jest Snapshot v1, https://goo.gl/fbAQLP

exports[`user-detail renders 1`] = `
<Formik
  enableReinitialize={true}
  onSubmit={[Function]}
  render={[Function]}
/>
`;
